Microchip MPLAB XC8 Compiler V1.30 ()

Linker command line:

--edf=C:\Program Files (x86)\Microchip\xc8\v1.30\dat\en_msgs.txt -cs \
  -h+dist/XC8_18F4550/production\RS232_ADC_LCD8Bits1602.production.sym \
  --cmf=dist/XC8_18F4550/production\RS232_ADC_LCD8Bits1602.production.cmf \
  -z -Q18F4550 -oC:\Users\ALEXAN~1\AppData\Local\Temp\s89s.6 \
  -Mdist/XC8_18F4550/production/RS232_ADC_LCD8Bits1602.production.map -E1 \
  -ver=XC8 -ASTACK=0EBh-07ffh -pstack=STACK -ACODE=00h-07FFFh \
  -ACONST=00h-07FFFh -ASMALLCONST=0800h-08FFhx120 \
  -AMEDIUMCONST=0800h-07FFFh -ACOMRAM=01h-05Fh -AABS1=00h-07FFh \
  -ABIGRAM=01h-07FFh -ARAM=060h-0FFh,0100h-01FFhx7 -ABANK0=060h-0FFh \
  -ABANK1=0100h-01FFh -ABANK2=0200h-02FFh -ABANK3=0300h-03FFh \
  -ABANK4=0400h-04FFh -ABANK5=0500h-05FFh -ABANK6=0600h-06FFh \
  -ABANK7=0700h-07FFh -ASFR=0F60h-0FFFh \
  -preset_vec=00h,intcode=08h,intcodelo=018h,powerup,init,end_init \
  -pramtop=0800h -psmallconst=SMALLCONST -pmediumconst=MEDIUMCONST \
  -pconst=CONST -AFARRAM=00h-00h -ACONFIG=0300000h-030000Dh -pconfig=CONFIG \
  -AIDLOC=0200000h-0200007h -pidloc=IDLOC -AEEDATA=0F00000h-0F000FFh \
  -peeprom_data=EEDATA \
  -prdata=COMRAM,nvrram=COMRAM,nvbit=COMRAM,rbss=COMRAM,rbit=COMRAM \
  -pfarbss=FARRAM,fardata=FARRAM,nvFARRAM=FARRAM \
  -pintsave_regs=BIGRAM,bigbss=BIGRAM,bigdata=BIGRAM -pbss=RAM \
  -pidata=CODE,irdata=CODE,ibigdata=CODE,ifardata=CODE \
  C:\Users\ALEXAN~1\AppData\Local\Temp\s89s.obj \
  dist/XC8_18F4550/production\RS232_ADC_LCD8Bits1602.production.obj 

Object code version is 3.11

Machine type is 18F4550

Call graph: (short form)




                Name                               Link     Load   Length Selector   Space Scale
C:\Users\ALEXAN~1\AppData\Local\Temp\s89s.obj
                end_init                             A2       A2        4        C       0
                reset_vec                             0        0        4        0       0
                idloc                            200000   200000        8   200000       0
                config                           300000   300000        E   300000       0
dist/XC8_18F4550/production\RS232_ADC_LCD8Bits1602.production.obj
                intcodelo                            18       18       8A        C       0
                intcode                               8        8        C        4       0
                smallconst                          800      800       B6      400       0
                text52                             3B42     3B42       10      45B       0
                text51                             3B08     3B08       16      45B       0
                text50                             3B92     3B92        8      45B       0
                text49                             3AF2     3AF2       16      45B       0
                text48                             3686     3686       80      45B       0
                intcode_body                       34D2     34D2       9C      45B       0
                text45                             2692     2692      1C0      45B       0
                text44                             316E     316E       B8      45B       0
                text43                             3B6C     3B6C        C      45B       0
                text42                             3B9E     3B9E        2      45B       0
                text41                             3B9A     3B9A        4      45B       0
                text40                             37D2     37D2       60      45B       0
                text39                             3706     3706       6A      45B       0
                text38                             3AAE     3AAE       18      45B       0
                text37                             35FE     35FE       88      45B       0
                text36                             3B78     3B78        A      45B       0
                text35                             3B1E     3B1E       14      45B       0
                text34                             2A00     2A00      19A      45B       0
                text33                             39F2     39F2       38      45B       0
                text32                             3B32     3B32       10      45B       0
                text31                             3ADC     3ADC       16      45B       0
                text30                             3B8A     3B8A        8      45B       0
                text29                             3B82     3B82        8      45B       0
                text28                             3B52     3B52        E      45B       0
                text27                             3832     3832       44      45B       0
                text26                             39B8     39B8       3A      45B       0
                text25                             3AC6     3AC6       16      45B       0
                text24                             3390     3390       A2      45B       0
                text23                             3226     3226       B6      45B       0
                text22                             3A2A     3A2A       34      45B       0
                text21                             2048     2048      32C      45B       0
                text20                             393C     393C       42      45B       0
                text19                             38FA     38FA       42      45B       0
                text18                             38B8     38B8       42      45B       0
                text17                             3876     3876       42      45B       0
                text16                             3432     3432       A0      45B       0
                text15                             3A88     3A88       26      45B       0
                text14                             2D1A     2D1A      172      45B       0
                text13                             2FB6     2FB6       E2      45B       0
                text12                             3098     3098       D6      45B       0
                text11                             356E     356E       90      45B       0
                text10                             2852     2852      1AE      45B       0
                text9                              2B9A     2B9A      180      45B       0
                text8                              2E8C     2E8C      12A      45B       0
                text7                              32DC     32DC       B4      45B       0
                text6                              3770     3770       62      45B       0
                text5                              2374     2374      31E      45B       0
                text4                              3A5E     3A5E       2A      45B       0
                text3                              172A     172A      56A      45B       0
                text2                               8B6      8B6      E74      45B       0
                text1                              397E     397E       3A      45B       0
                text0                              1C94     1C94      3B4      45B       0
                cstackCOMRAM                          1        1       32        1       1
                cstackBANK0                          60       60       8B       60       1
                bssCOMRAM                            33       33        1        1       1
                cinit                              3B60     3B60        C      45B       0

TOTAL           Name                               Link     Load   Length     Space
        CLASS   STACK          

        CLASS   CODE           
                end_init                             A2       A2        4         0
                intcodelo                            18       18       8A         0
                intcode                               8        8        C         0
                reset_vec                             0        0        4         0
                text52                             3B42     3B42       10         0
                text51                             3B08     3B08       16         0
                text50                             3B92     3B92        8         0
                text49                             3AF2     3AF2       16         0
                text48                             3686     3686       80         0
                intcode_body                       34D2     34D2       9C         0
                text45                             2692     2692      1C0         0
                text44                             316E     316E       B8         0
                text43                             3B6C     3B6C        C         0
                text42                             3B9E     3B9E        2         0
                text41                             3B9A     3B9A        4         0
                text40                             37D2     37D2       60         0
                text39                             3706     3706       6A         0
                text38                             3AAE     3AAE       18         0
                text37                             35FE     35FE       88         0
                text36                             3B78     3B78        A         0
                text35                             3B1E     3B1E       14         0
                text34                             2A00     2A00      19A         0
                text33                             39F2     39F2       38         0
                text32                             3B32     3B32       10         0
                text31                             3ADC     3ADC       16         0
                text30                             3B8A     3B8A        8         0
                text29                             3B82     3B82        8         0
                text28                             3B52     3B52        E         0
                text27                             3832     3832       44         0
                text26                             39B8     39B8       3A         0
                text25                             3AC6     3AC6       16         0
                text24                             3390     3390       A2         0
                text23                             3226     3226       B6         0
                text22                             3A2A     3A2A       34         0
                text21                             2048     2048      32C         0
                text20                             393C     393C       42         0
                text19                             38FA     38FA       42         0
                text18                             38B8     38B8       42         0
                text17                             3876     3876       42         0
                text16                             3432     3432       A0         0
                text15                             3A88     3A88       26         0
                text14                             2D1A     2D1A      172         0
                text13                             2FB6     2FB6       E2         0
                text12                             3098     3098       D6         0
                text11                             356E     356E       90         0
                text10                             2852     2852      1AE         0
                text9                              2B9A     2B9A      180         0
                text8                              2E8C     2E8C      12A         0
                text7                              32DC     32DC       B4         0
                text6                              3770     3770       62         0
                text5                              2374     2374      31E         0
                text4                              3A5E     3A5E       2A         0
                text3                              172A     172A      56A         0
                text2                               8B6      8B6      E74         0
                text1                              397E     397E       3A         0
                text0                              1C94     1C94      3B4         0
                cinit                              3B60     3B60        C         0

        CLASS   CONST          

        CLASS   SMALLCONST     
                smallconst                          800      800       B6         0

        CLASS   MEDIUMCONST    

        CLASS   COMRAM         
                cstackCOMRAM                          1        1       32         1
                bssCOMRAM                            33       33        1         1

        CLASS   ABS1           

        CLASS   BIGRAM         

        CLASS   RAM            

        CLASS   BANK0          
                cstackBANK0                          60       60       8B         1

        CLASS   BANK1          

        CLASS   BANK2          

        CLASS   BANK3          

        CLASS   BANK4          

        CLASS   BANK5          

        CLASS   BANK6          

        CLASS   BANK7          

        CLASS   SFR            

        CLASS   FARRAM         

        CLASS   CONFIG         
                config                           300000   300000        E         0

        CLASS   IDLOC          
                idloc                            200000   200000        8         0

        CLASS   EEDATA         



SEGMENTS        Name                           Load    Length   Top    Selector   Space  Class

                reset_vec                      000000  000004  000004         0       0  CODE    
                cstackCOMRAM                   000001  000033  000034         1       1  COMRAM  
                intcode                        000008  00000C  000014         4       0  CODE    
                intcodelo                      000018  00008E  0000A6         C       0  CODE    
                cstackBANK0                    000060  00008B  0000EB        60       1  BANK0   
                smallconst                     000800  0000B6  0008B6       400       0  SMALLCON
                text2                          0008B6  0032EA  003BA0       45B       0  CODE    
                idloc                          200000  000008  200008    200000       0  IDLOC   
                config                         300000  00000E  30000E    300000       0  CONFIG  


UNUSED ADDRESS RANGES

        Name                Unused          Largest block    Delta
        BANK0            0000EB-0000FF               15
        BANK1            000100-0001FF              100
        BANK2            000200-0002FF              100
        BANK3            000300-0003FF              100
        BANK4            000400-0004FF              100
        BANK5            000500-0005FF              100
        BANK6            000600-0006FF              100
        BANK7            000700-0007FF              100
        BIGRAM           000034-00005F               2C
                         0000EB-0007FF              715
        CODE             000004-000007                4
                         000014-000017                4
                         0000A6-0007FF              75A
                         003BA0-007FFF             4460
        COMRAM           000034-00005F               2C
        CONST            000004-000007                4
                         000014-000017                4
                         0000A6-0007FF              75A
                         003BA0-007FFF             4460
        EEDATA           F00000-F000FF              100
        MEDIUMCONST      003BA0-007FFF             4460
        RAM              0000EB-0007FF              100
        SFR              000F60-000FFF               A0
        SMALLCONST       003BA0-007FFF              100
        STACK            0000EB-0007FF              715

                                  Symbol Table

?_ReadADC                     cstackCOMRAM 00002D
?___awdiv                     cstackBANK0  000062
?___awmod                     cstackCOMRAM 00002D
?___ftadd                     cstackBANK0  000063
?___ftdiv                     cstackBANK0  000068
?___ftmul                     cstackBANK0  000077
?___ftneg                     cstackCOMRAM 00002D
?___ftpack                    cstackCOMRAM 00002D
?___ftsub                     cstackBANK0  00006F
?___fttol                     cstackBANK0  00008D
?___lldiv                     cstackBANK0  000060
?___llmod                     cstackBANK0  000068
?___lltoft                    cstackBANK0  000063
?___lwtoft                    cstackBANK0  000063
?___wmul                      cstackBANK0  00006A
?__div_to_l_                  cstackCOMRAM 00002D
?__tdiv_to_l_                 cstackCOMRAM 00002D
?_fround                      cstackBANK0  000086
?_scale                       cstackBANK0  000086
?_sprintf                     cstackBANK0  00009C
?_strlen                      cstackCOMRAM 00002D
OpenADC@config                cstackCOMRAM 000031
OpenADC@config2               cstackCOMRAM 00002D
OpenADC@portconfig            cstackCOMRAM 00002E
OpenUSART@config              cstackCOMRAM 000032
OpenUSART@spbrg               cstackCOMRAM 00002D
SetChanADC@channel            cstackCOMRAM 00002E
WriteUSART@data               cstackCOMRAM 00002D
_ADCON0                       (abs)        000FC2
_ADCON0bits                   (abs)        000FC2
_ADCON1                       (abs)        000FC1
_ADCON2                       (abs)        000FC0
_ADRESH                       (abs)        000FC4
_ADRESL                       (abs)        000FC3
_BAUDCON                      (abs)        000FB8
_BusyADC                      text43       003B6C
_CMCON                        (abs)        000FB4
_ConfigureOscillator          text42       003B9E
_ConvertADC                   text41       003B9A
_INTCON2bits                  (abs)        000FF1
_INTCONbits                   (abs)        000FF2
_InitApp                      text37       0035FE
_OpenADC                      text40       0037D2
_OpenUSART                    text39       003706
_PIE1                         (abs)        000F9D
_PIE1bits                     (abs)        000F9D
_PIR1bits                     (abs)        000F9E
_PORTA                        (abs)        000F80
_PORTAbits                    (abs)        000F80
_PORTB                        (abs)        000F81
_PORTC                        (abs)        000F82
_PORTD                        (abs)        000F83
_PORTE                        (abs)        000F84
_RCONbits                     (abs)        000FD0
_RCREG                        (abs)        000FAE
_RCSTA                        (abs)        000FAB
_RCSTAbits                    (abs)        000FAB
_ReadADC                      text36       003B78
_SPBRG                        (abs)        000FAF
_SPBRGH                       (abs)        000FB0
_SetChanADC                   text38       003AAE
_TRISA                        (abs)        000F92
_TRISAbits                    (abs)        000F92
_TRISB                        (abs)        000F93
_TRISC                        (abs)        000F94
_TRISCbits                    (abs)        000F94
_TRISD                        (abs)        000F95
_TRISE                        (abs)        000F96
_TXREG                        (abs)        000FAD
_TXSTA                        (abs)        000FAC
_TXSTAbits                    (abs)        000FAC
_USART_Status                 bssCOMRAM    000033
_WriteUSART                   text35       003B1E
__CFG_BOR$ON                  (abs)        000000
__CFG_BORV$3                  (abs)        000000
__CFG_CCP2MX$ON               (abs)        000000
__CFG_CP0$OFF                 (abs)        000000
__CFG_CP1$OFF                 (abs)        000000
__CFG_CP2$OFF                 (abs)        000000
__CFG_CP3$OFF                 (abs)        000000
__CFG_CPB$OFF                 (abs)        000000
__CFG_CPD$OFF                 (abs)        000000
__CFG_CPUDIV$OSC1_PLL2        (abs)        000000
__CFG_EBTR0$OFF               (abs)        000000
__CFG_EBTR1$OFF               (abs)        000000
__CFG_EBTR2$OFF               (abs)        000000
__CFG_EBTR3$OFF               (abs)        000000
__CFG_EBTRB$OFF               (abs)        000000
__CFG_FCMEN$ON                (abs)        000000
__CFG_FOSC$HSPLL_HS           (abs)        000000
__CFG_ICPRT$OFF               (abs)        000000
__CFG_IESO$OFF                (abs)        000000
__CFG_LPT1OSC$OFF             (abs)        000000
__CFG_LVP$ON                  (abs)        000000
__CFG_MCLRE$ON                (abs)        000000
__CFG_PBADEN$ON               (abs)        000000
__CFG_PLLDIV$5                (abs)        000000
__CFG_PWRT$ON                 (abs)        000000
__CFG_STVREN$ON               (abs)        000000
__CFG_USBDIV$2                (abs)        000000
__CFG_VREGEN$ON               (abs)        000000
__CFG_WDT$OFF                 (abs)        000000
__CFG_WDTPS$32768             (abs)        000000
__CFG_WRT0$OFF                (abs)        000000
__CFG_WRT1$OFF                (abs)        000000
__CFG_WRT2$OFF                (abs)        000000
__CFG_WRT3$OFF                (abs)        000000
__CFG_WRTB$OFF                (abs)        000000
__CFG_WRTC$OFF                (abs)        000000
__CFG_WRTD$OFF                (abs)        000000
__CFG_XINST$OFF               (abs)        000000
__HRAM                        (abs)        000000
__Habs1                       abs1         000000
__Hbank0                      bank0        000000
__Hbank1                      bank1        000000
__Hbank2                      bank2        000000
__Hbank3                      bank3        000000
__Hbank4                      bank4        000000
__Hbank5                      bank5        000000
__Hbank6                      bank6        000000
__Hbank7                      bank7        000000
__Hbigbss                     bigbss       000000
__Hbigdata                    bigdata      000000
__Hbigram                     bigram       000000
__Hbss                        bss          000000
__HbssCOMRAM                  bssCOMRAM    000000
__Hcinit                      cinit        000000
__Hclrtext                    clrtext      000000
__Hcomram                     comram       000000
__Hconfig                     config       30000E
__Hconst                      const        000000
__HcstackBANK0                cstackBANK0  000000
__HcstackCOMRAM               cstackCOMRAM 000000
__Hdata                       data         000000
__Heeprom_data                eeprom_data  000000
__Hend_init                   end_init     0000A6
__Hfarbss                     farbss       000000
__Hfardata                    fardata      000000
__Hibigdata                   ibigdata     000000
__Hidata                      idata        000000
__Hidloc                      idloc        200008
__Hifardata                   ifardata     000000
__Hinit                       init         0000A2
__Hintcode                    intcode      000014
__Hintcode_body               intcode_body 000000
__Hintcodelo                  intcodelo    0000A2
__Hintentry                   intentry     000000
__Hintret                     intret       000000
__Hintsave_regs               intsave_regs 000000
__Hirdata                     irdata       000000
__Hmediumconst                mediumconst  000000
__HnvFARRAM                   nvFARRAM     000000
__Hnvbit                      nvbit        000000
__Hnvrram                     nvrram       000000
__Hparam                      rparam       000000
__Hpowerup                    powerup      0000A2
__Hram                        ram          000000
__Hramtop                     ramtop       000800
__Hrbit                       rbit         000000
__Hrbss                       rbss         000000
__Hrdata                      rdata        000000
__Hreset_vec                  reset_vec    000004
__Hrparam                     rparam       000000
__Hsfr                        sfr          000000
__Hsmallconst                 smallconst   0008B6
__Hstack                      stack        000000
__Hstruct                     struct       000000
__Htemp                       temp         000000
__Htext                       text         000000
__Htext0                      text0        000000
__Htext1                      text1        000000
__Htext10                     text10       000000
__Htext11                     text11       000000
__Htext12                     text12       000000
__Htext13                     text13       000000
__Htext14                     text14       000000
__Htext15                     text15       000000
__Htext16                     text16       000000
__Htext17                     text17       000000
__Htext18                     text18       000000
__Htext19                     text19       000000
__Htext2                      text2        000000
__Htext20                     text20       000000
__Htext21                     text21       000000
__Htext22                     text22       000000
__Htext23                     text23       000000
__Htext24                     text24       000000
__Htext25                     text25       000000
__Htext26                     text26       000000
__Htext27                     text27       000000
__Htext28                     text28       000000
__Htext29                     text29       000000
__Htext3                      text3        000000
__Htext30                     text30       000000
__Htext31                     text31       000000
__Htext32                     text32       000000
__Htext33                     text33       000000
__Htext34                     text34       000000
__Htext35                     text35       000000
__Htext36                     text36       000000
__Htext37                     text37       000000
__Htext38                     text38       000000
__Htext39                     text39       000000
__Htext4                      text4        000000
__Htext40                     text40       000000
__Htext41                     text41       000000
__Htext42                     text42       000000
__Htext43                     text43       000000
__Htext44                     text44       000000
__Htext45                     text45       000000
__Htext48                     text48       000000
__Htext49                     text49       000000
__Htext5                      text5        000000
__Htext50                     text50       000000
__Htext51                     text51       000000
__Htext52                     text52       000000
__Htext6                      text6        000000
__Htext7                      text7        000000
__Htext8                      text8        000000
__Htext9                      text9        000000
__LRAM                        (abs)        000001
__Labs1                       abs1         000000
__Lbank0                      bank0        000000
__Lbank1                      bank1        000000
__Lbank2                      bank2        000000
__Lbank3                      bank3        000000
__Lbank4                      bank4        000000
__Lbank5                      bank5        000000
__Lbank6                      bank6        000000
__Lbank7                      bank7        000000
__Lbigbss                     bigbss       000000
__Lbigdata                    bigdata      000000
__Lbigram                     bigram       000000
__Lbss                        bss          000000
__LbssCOMRAM                  bssCOMRAM    000000
__Lcinit                      cinit        000000
__Lclrtext                    clrtext      000000
__Lcomram                     comram       000000
__Lconfig                     config       300000
__Lconst                      const        000000
__LcstackBANK0                cstackBANK0  000000
__LcstackCOMRAM               cstackCOMRAM 000000
__Ldata                       data         000000
__Leeprom_data                eeprom_data  000000
__Lend_init                   end_init     0000A2
__Lfarbss                     farbss       000000
__Lfardata                    fardata      000000
__Libigdata                   ibigdata     000000
__Lidata                      idata        000000
__Lidloc                      idloc        200000
__Lifardata                   ifardata     000000
__Linit                       init         0000A2
__Lintcode                    intcode      000008
__Lintcode_body               intcode_body 000000
__Lintcodelo                  intcodelo    000018
__Lintentry                   intentry     000000
__Lintret                     intret       000000
__Lintsave_regs               intsave_regs 000000
__Lirdata                     irdata       000000
__Lmediumconst                mediumconst  000000
__LnvFARRAM                   nvFARRAM     000000
__Lnvbit                      nvbit        000000
__Lnvrram                     nvrram       000000
__Lparam                      rparam       000000
__Lpowerup                    powerup      0000A2
__Lram                        ram          000000
__Lramtop                     ramtop       000800
__Lrbit                       rbit         000000
__Lrbss                       rbss         000000
__Lrdata                      rdata        000000
__Lreset_vec                  reset_vec    000000
__Lrparam                     rparam       000000
__Lsfr                        sfr          000000
__Lsmallconst                 smallconst   000800
__Lstack                      stack        000000
__Lstruct                     struct       000000
__Ltemp                       temp         000000
__Ltext                       text         000000
__Ltext0                      text0        000000
__Ltext1                      text1        000000
__Ltext10                     text10       000000
__Ltext11                     text11       000000
__Ltext12                     text12       000000
__Ltext13                     text13       000000
__Ltext14                     text14       000000
__Ltext15                     text15       000000
__Ltext16                     text16       000000
__Ltext17                     text17       000000
__Ltext18                     text18       000000
__Ltext19                     text19       000000
__Ltext2                      text2        000000
__Ltext20                     text20       000000
__Ltext21                     text21       000000
__Ltext22                     text22       000000
__Ltext23                     text23       000000
__Ltext24                     text24       000000
__Ltext25                     text25       000000
__Ltext26                     text26       000000
__Ltext27                     text27       000000
__Ltext28                     text28       000000
__Ltext29                     text29       000000
__Ltext3                      text3        000000
__Ltext30                     text30       000000
__Ltext31                     text31       000000
__Ltext32                     text32       000000
__Ltext33                     text33       000000
__Ltext34                     text34       000000
__Ltext35                     text35       000000
__Ltext36                     text36       000000
__Ltext37                     text37       000000
__Ltext38                     text38       000000
__Ltext39                     text39       000000
__Ltext4                      text4        000000
__Ltext40                     text40       000000
__Ltext41                     text41       000000
__Ltext42                     text42       000000
__Ltext43                     text43       000000
__Ltext44                     text44       000000
__Ltext45                     text45       000000
__Ltext48                     text48       000000
__Ltext49                     text49       000000
__Ltext5                      text5        000000
__Ltext50                     text50       000000
__Ltext51                     text51       000000
__Ltext52                     text52       000000
__Ltext6                      text6        000000
__Ltext7                      text7        000000
__Ltext8                      text8        000000
__Ltext9                      text9        000000
__S0                          (abs)        30000E
__S1                          (abs)        0000EB
__S2                          (abs)        000000
___asftadd                    text20       00393C
___asftadd@f1p                cstackBANK0  000090
___asftadd@f2                 cstackBANK0  000092
___asftmul                    text19       0038FA
___asftmul@f1p                cstackBANK0  000086
___asftmul@f2                 cstackBANK0  000088
___asftsub                    text17       003876
___asftsub@f1p                cstackBANK0  000075
___asftsub@f2                 cstackBANK0  000077
___awdiv                      text8        002E8C
___awdiv@counter              cstackBANK0  000066
___awdiv@dividend             cstackBANK0  000062
___awdiv@divisor              cstackBANK0  000064
___awdiv@quotient             cstackBANK0  000068
___awdiv@sign                 cstackBANK0  000067
___awmod                      text7        0032DC
___awmod@counter              cstackBANK0  000060
___awmod@dividend             cstackCOMRAM 00002D
___awmod@divisor              cstackCOMRAM 00002F
___awmod@sign                 cstackBANK0  000061
___ftadd                      text21       002048
___ftadd@exp1                 cstackBANK0  00006E
___ftadd@exp2                 cstackBANK0  00006D
___ftadd@f1                   cstackBANK0  000063
___ftadd@f2                   cstackBANK0  000066
___ftadd@sign                 cstackBANK0  00006C
___ftdiv                      text34       002A00
___ftdiv@cntr                 cstackBANK0  000071
___ftdiv@exp                  cstackBANK0  000075
___ftdiv@f1                   cstackBANK0  000068
___ftdiv@f2                   cstackBANK0  00006B
___ftdiv@f3                   cstackBANK0  000072
___ftdiv@sign                 cstackBANK0  000076
___ftge                       text16       003432
___ftge@ff1                   cstackCOMRAM 00002D
___ftge@ff2                   cstackCOMRAM 000030
___ftmul                      text45       002692
___ftmul@cntr                 cstackBANK0  000084
___ftmul@exp                  cstackBANK0  000080
___ftmul@f1                   cstackBANK0  000077
___ftmul@f2                   cstackBANK0  00007A
___ftmul@f3_as_product        cstackBANK0  000081
___ftmul@sign                 cstackBANK0  000085
___ftneg                      text15       003A88
___ftneg@f1                   cstackCOMRAM 00002D
___ftpack                     text44       00316E
___ftpack@arg                 cstackCOMRAM 00002D
___ftpack@exp                 cstackCOMRAM 000030
___ftpack@sign                cstackCOMRAM 000031
___ftsub                      text18       0038B8
___ftsub@f1                   cstackBANK0  00006F
___ftsub@f2                   cstackBANK0  000072
___fttol                      text14       002D1A
___fttol@exp1                 cstackBANK0  00009B
___fttol@f1                   cstackBANK0  00008D
___fttol@lval                 cstackBANK0  000097
___fttol@sign1                cstackBANK0  000096
___inthi_sp                   stack        000000
___intlo_sp                   stack        000000
___lldiv                      text13       002FB6
___lldiv@counter              cstackCOMRAM 000032
___lldiv@dividend             cstackBANK0  000060
___lldiv@divisor              cstackBANK0  000064
___lldiv@quotient             cstackCOMRAM 00002E
___llmod                      text12       003098
___llmod@counter              cstackBANK0  000071
___llmod@dividend             cstackBANK0  000068
___llmod@divisor              cstackBANK0  00006C
___lltoft                     text11       00356E
___lltoft@c                   cstackBANK0  000063
___lltoft@exp                 cstackCOMRAM 000032
___lwtoft                     text33       0039F2
___lwtoft@c                   cstackBANK0  000063
___sp                         stack        000000
___wmul                       text6        003770
___wmul@multiplicand          cstackBANK0  00006C
___wmul@multiplier            cstackBANK0  00006A
___wmul@product               cstackBANK0  00006E
__accesstop                   (abs)        000060
__activetblptr                (abs)        000002
__div_to_l_                   text10       002852
__div_to_l_@cntr              cstackBANK0  000068
__div_to_l_@exp1              cstackBANK0  000069
__div_to_l_@f1                cstackCOMRAM 00002D
__div_to_l_@f2                cstackCOMRAM 000030
__div_to_l_@quot              cstackBANK0  000064
__end_of_BusyADC              text43       003B78
__end_of_ConfigureOscillator  text42       003BA0
__end_of_ConvertADC           text41       003B9E
__end_of_InitApp              text37       003686
__end_of_OpenADC              text40       003832
__end_of_OpenUSART            text39       003770
__end_of_ReadADC              text36       003B82
__end_of_SetChanADC           text38       003AC6
__end_of_WriteUSART           text35       003B32
__end_of___asftadd            text20       00397E
__end_of___asftmul            text19       00393C
__end_of___asftsub            text17       0038B8
__end_of___awdiv              text8        002FB6
__end_of___awmod              text7        003390
__end_of___ftadd              text21       002374
__end_of___ftdiv              text34       002B9A
__end_of___ftge               text16       0034D2
__end_of___ftmul              text45       002852
__end_of___ftneg              text15       003AAE
__end_of___ftpack             text44       003226
__end_of___ftsub              text18       0038FA
__end_of___fttol              text14       002E8C
__end_of___lldiv              text13       003098
__end_of___llmod              text12       00316E
__end_of___lltoft             text11       0035FE
__end_of___lwtoft             text33       003A2A
__end_of___wmul               text6        0037D2
__end_of__div_to_l_           text10       002A00
__end_of__initialization      cinit        003B62
__end_of__npowers_            smallconst   000850
__end_of__powers_             smallconst   000877
__end_of__stringdata          smallconst   0008B5
__end_of__tdiv_to_l_          text9        002D1A
__end_of_dpowers              smallconst   000829
__end_of_fround               text5        002692
__end_of_high_isr             intcode_body 00356E
__end_of_isdigit              text4        003A88
__end_of_lcd_clear            text30       003B92
__end_of_lcd_cursor_off       text29       003B8A
__end_of_lcd_delay            text32       003B42
__end_of_lcd_enable           text28       003B60
__end_of_lcd_init             text27       003876
__end_of_lcd_pos              text26       0039F2
__end_of_lcd_test             text24       003432
__end_of_lcd_write            text25       003ADC
__end_of_lcd_write_buffer     text23       0032DC
__end_of_lcd_write_cmd        text31       003AF2
__end_of_low_isr              intcodelo    0000A2
__end_of_main                 text0        002048
__end_of_memset               text22       003A5E
__end_of_scale                text3        001C94
__end_of_sprintf              text2        00172A
__end_of_strlen               text1        0039B8
__end_ofi2_lcd_clear          text50       003B9A
__end_ofi2_lcd_delay          text52       003B52
__end_ofi2_lcd_write          text49       003B08
__end_ofi2_lcd_write_buffer   text48       003706
__end_ofi2_lcd_write_cmd      text51       003B1E
__end_oflcd_test@F5277        smallconst   000887
__initialization              cinit        003B60
__mediumconst                 mediumconst  000000
__npowers_                    smallconst   000829
__pbssCOMRAM                  bssCOMRAM    000033
__pcinit                      cinit        003B60
__pcstackBANK0                cstackBANK0  000060
__pcstackCOMRAM               cstackCOMRAM 000001
__pintcode                    intcode      000008
__pintcode_body               intcode_body 0034D2
__pintcodelo                  intcodelo    000018
__powers_                     smallconst   000850
__psmallconst                 smallconst   000800
__ptext0                      text0        001C94
__ptext1                      text1        00397E
__ptext10                     text10       002852
__ptext11                     text11       00356E
__ptext12                     text12       003098
__ptext13                     text13       002FB6
__ptext14                     text14       002D1A
__ptext15                     text15       003A88
__ptext16                     text16       003432
__ptext17                     text17       003876
__ptext18                     text18       0038B8
__ptext19                     text19       0038FA
__ptext2                      text2        0008B6
__ptext20                     text20       00393C
__ptext21                     text21       002048
__ptext22                     text22       003A2A
__ptext23                     text23       003226
__ptext24                     text24       003390
__ptext25                     text25       003AC6
__ptext26                     text26       0039B8
__ptext27                     text27       003832
__ptext28                     text28       003B52
__ptext29                     text29       003B82
__ptext3                      text3        00172A
__ptext30                     text30       003B8A
__ptext31                     text31       003ADC
__ptext32                     text32       003B32
__ptext33                     text33       0039F2
__ptext34                     text34       002A00
__ptext35                     text35       003B1E
__ptext36                     text36       003B78
__ptext37                     text37       0035FE
__ptext38                     text38       003AAE
__ptext39                     text39       003706
__ptext4                      text4        003A5E
__ptext40                     text40       0037D2
__ptext41                     text41       003B9A
__ptext42                     text42       003B9E
__ptext43                     text43       003B6C
__ptext44                     text44       00316E
__ptext45                     text45       002692
__ptext48                     text48       003686
__ptext49                     text49       003AF2
__ptext5                      text5        002374
__ptext50                     text50       003B92
__ptext51                     text51       003B08
__ptext52                     text52       003B42
__ptext6                      text6        003770
__ptext7                      text7        0032DC
__ptext8                      text8        002E8C
__ptext9                      text9        002B9A
__ramtop                      ramtop       000800
__size_of_BusyADC             (abs)        000000
__size_of_ConfigureOscillator (abs)        000000
__size_of_ConvertADC          (abs)        000000
__size_of_InitApp             (abs)        000000
__size_of_OpenADC             (abs)        000000
__size_of_OpenUSART           (abs)        000000
__size_of_ReadADC             (abs)        000000
__size_of_SetChanADC          (abs)        000000
__size_of_WriteUSART          (abs)        000000
__size_of___asftadd           (abs)        000000
__size_of___asftmul           (abs)        000000
__size_of___asftsub           (abs)        000000
__size_of___awdiv             (abs)        000000
__size_of___awmod             (abs)        000000
__size_of___ftadd             (abs)        000000
__size_of___ftdiv             (abs)        000000
__size_of___ftge              (abs)        000000
__size_of___ftmul             (abs)        000000
__size_of___ftneg             (abs)        000000
__size_of___ftpack            (abs)        000000
__size_of___ftsub             (abs)        000000
__size_of___fttol             (abs)        000000
__size_of___lldiv             (abs)        000000
__size_of___llmod             (abs)        000000
__size_of___lltoft            (abs)        000000
__size_of___lwtoft            (abs)        000000
__size_of___wmul              (abs)        000000
__size_of__div_to_l_          (abs)        000000
__size_of__tdiv_to_l_         (abs)        000000
__size_of_fround              (abs)        000000
__size_of_high_isr            (abs)        000000
__size_of_isdigit             (abs)        000000
__size_of_lcd_clear           (abs)        000000
__size_of_lcd_cursor_off      (abs)        000000
__size_of_lcd_delay           (abs)        000000
__size_of_lcd_enable          (abs)        000000
__size_of_lcd_init            (abs)        000000
__size_of_lcd_pos             (abs)        000000
__size_of_lcd_test            (abs)        000000
__size_of_lcd_write           (abs)        000000
__size_of_lcd_write_buffer    (abs)        000000
__size_of_lcd_write_cmd       (abs)        000000
__size_of_low_isr             (abs)        000000
__size_of_main                (abs)        000000
__size_of_memset              (abs)        000000
__size_of_scale               (abs)        000000
__size_of_sprintf             (abs)        000000
__size_of_strlen              (abs)        000000
__size_ofi2_lcd_clear         (abs)        000000
__size_ofi2_lcd_delay         (abs)        000000
__size_ofi2_lcd_write         (abs)        000000
__size_ofi2_lcd_write_buffer  (abs)        000000
__size_ofi2_lcd_write_cmd     (abs)        000000
__smallconst                  smallconst   000800
__stringdata                  smallconst   000887
__tdiv_to_l_                  text9        002B9A
__tdiv_to_l_@cntr             cstackBANK0  000067
__tdiv_to_l_@exp1             cstackBANK0  000068
__tdiv_to_l_@f1               cstackCOMRAM 00002D
__tdiv_to_l_@f2               cstackCOMRAM 000030
__tdiv_to_l_@quot             cstackBANK0  000063
_dpowers                      smallconst   000801
_fround                       text5        002374
_fround$2467                  cstackBANK0  00008C
_fround$2468                  cstackBANK0  000089
_high_isr                     intcode      000008
_isdigit                      text4        003A5E
_isdigit$2095                 cstackCOMRAM 00002E
_lcd_clear                    text30       003B8A
_lcd_cursor_off               text29       003B82
_lcd_delay                    text32       003B32
_lcd_enable                   text28       003B52
_lcd_init                     text27       003832
_lcd_pos                      text26       0039B8
_lcd_test                     text24       003390
_lcd_write                    text25       003AC6
_lcd_write_buffer             text23       003226
_lcd_write_buffer$1753        cstackBANK0  000063
_lcd_write_cmd                text31       003ADC
_low_isr                      intcodelo    000018
_main                         text0        001C94
_main$2466                    cstackBANK0  0000E2
_memset                       text22       003A2A
_scale                        text3        00172A
_scale$2469                   cstackBANK0  000089
_sprintf                      text2        0008B6
_sprintf$1820                 cstackBANK0  0000AE
_sprintf$2470                 cstackBANK0  0000AB
_strlen                       text1        00397E
end_of_initialization         cinit        003B62
fround@prec                   cstackBANK0  00008F
i2_lcd_clear                  text50       003B92
i2_lcd_delay                  text52       003B42
i2_lcd_write                  text49       003AF2
i2_lcd_write_buffer           text48       003686
i2_lcd_write_buffer$1753      cstackCOMRAM 00001A
i2_lcd_write_cmd              text51       003B08
i2lcd_write@x                 cstackCOMRAM 000013
i2lcd_write_buffer@buffer     cstackCOMRAM 000014
i2lcd_write_buffer@pos        cstackCOMRAM 00001C
i2lcd_write_buffer@size       cstackCOMRAM 000016
i2lcd_write_cmd@x             cstackCOMRAM 000013
int_func                      intcode_body 0034D2
intlevel0                     text         000000
intlevel1                     text         000000
intlevel2                     text         000000
intlevel3                     text         000000
isdigit@c                     cstackCOMRAM 00002F
lcd_pos@coluna                cstackCOMRAM 00002F
lcd_pos@linha                 cstackCOMRAM 000031
lcd_test@F5277                smallconst   000877
lcd_test@ln                   cstackBANK0  000070
lcd_test@msgTest              cstackBANK0  000060
lcd_test@pos                  cstackBANK0  000072
lcd_write@x                   cstackCOMRAM 00002E
lcd_write_buffer@buffer       cstackCOMRAM 00002F
lcd_write_buffer@pos          cstackBANK0  000065
lcd_write_buffer@size         cstackCOMRAM 000031
lcd_write_cmd@x               cstackCOMRAM 00002E
main@adcValue                 cstackBANK0  0000E7
main@adcValueOld              cstackBANK0  0000E0
main@buffer                   cstackBANK0  0000D0
main@count                    cstackBANK0  0000E9
main@size                     cstackBANK0  0000E5
memset@c                      cstackCOMRAM 00002F
memset@n                      cstackCOMRAM 000031
memset@p                      cstackBANK0  000060
memset@p1                     cstackCOMRAM 00002D
scale@scl                     cstackBANK0  00008C
sprintf@_val                  cstackBANK0  0000C8
sprintf@ap                    cstackBANK0  0000BA
sprintf@c                     cstackBANK0  0000CE
sprintf@exp                   cstackBANK0  0000C1
sprintf@f                     cstackBANK0  00009E
sprintf@flag                  cstackBANK0  0000BF
sprintf@fval                  cstackBANK0  0000C5
sprintf@integ                 cstackBANK0  0000BC
sprintf@prec                  cstackBANK0  0000CC
sprintf@sp                    cstackBANK0  00009C
sprintf@vd                    cstackBANK0  0000B2
sprintf@vd_1822               cstackBANK0  0000B6
sprintf@width                 cstackBANK0  0000C3
stackhi                       (abs)        0007FF
stacklo                       (abs)        0000EB
start                         init         0000A2
start_initialization          cinit        003B60
strlen@cp                     cstackCOMRAM 000031
strlen@s                      cstackCOMRAM 00002D


FUNCTION INFORMATION:

 *************** function _main *****************
 Defined at:
		line 10 in file "main.c"
 Parameters:    Size  Location     Type
		None
 Auto vars:     Size  Location     Type
  buffer         16  112[BANK0 ] unsigned char [16]
  count           2  137[BANK0 ] int 
  adcValue        2  135[BANK0 ] unsigned int 
  size            2  133[BANK0 ] int 
  adcValueOld     2  128[BANK0 ] unsigned int 
 Return value:  Size  Location     Type
		None               void
 Registers used:
		wreg, fsr0l, fsr0h, fsr1l, fsr1h, fsr1l, fsr1h, fsr2l, fsr2h, status,2, status,0, pclat, btemp, btemp+1, btemp+2, btemp+3, btemp+4, btemp+5, btemp+6, btemp+7, btemp+8, btemp+9, btemp+10, btemp+11, tosl, structret, tblptrl, tblptrh, tblptru, prodl, prodh, bsr, cstack
 Tracked objects:
		On entry : 
		On exit  : 
		Unchanged: 
 Data sizes:     COMRAM   BANK0   BANK1   BANK2   BANK3   BANK4   BANK5   BANK6   BANK7
      Params:         0       0       0       0       0       0       0       0       0
      Locals:         0      27       0       0       0       0       0       0       0
      Temps:          0       1       0       0       0       0       0       0       0
      Totals:         0      28       0       0       0       0       0       0       0
Total ram usage:       28 bytes
 Hardware stack levels required when called:   10
 This function calls:
		_BusyADC
		_ConfigureOscillator
		_ConvertADC
		_InitApp
		_ReadADC
		_WriteUSART
		___ftdiv
		___ftmul
		___lwtoft
		_lcd_clear
		_lcd_cursor_off
		_lcd_enable
		_lcd_init
		_lcd_pos
		_lcd_test
		_lcd_write_buffer
		_memset
		_sprintf
		_strlen
 This function is called by:
		Startup code after reset
 This function uses a non-reentrant model


 *************** function _strlen *****************
 Defined at:
		line 4 in file "C:\Program Files (x86)\Microchip\xc8\v1.30\sources\common\strlen.c"
 Parameters:    Size  Location     Type
  s               2   44[COMRAM] PTR const unsigned char 
		 -> main@buffer(16), 
 Auto vars:     Size  Location     Type
  cp              2   48[COMRAM] PTR const unsigned char 
		 -> main@buffer(16), 
 Return value:  Size  Location     Type
                  2   44[COMRAM] unsigned int 
 Registers used:
		wreg, fsr2l, fsr2h, status,2, status,0
 Tracked objects:
		On entry : 
		On exit  : 
		Unchanged: 
 Data sizes:     COMRAM   BANK0   BANK1   BANK2   BANK3   BANK4   BANK5   BANK6   BANK7
      Params:         2       0       0       0       0       0       0       0       0
      Locals:         2       0       0       0       0       0       0       0       0
      Temps:          2       0       0       0       0       0       0       0       0
      Totals:         6       0       0       0       0       0       0       0       0
Total ram usage:        6 bytes
 Hardware stack levels used:    1
 Hardware stack levels required when called:    5
 This function calls:
		Nothing
 This function is called by:
		_main
 This function uses a non-reentrant model


 *************** function _sprintf *****************
 Defined at:
		line 492 in file "C:\Program Files (x86)\Microchip\xc8\v1.30\sources\common\doprnt.c"
 Parameters:    Size  Location     Type
  sp              2   60[BANK0 ] PTR unsigned char 
		 -> main@buffer(16), 
  f               2   62[BANK0 ] PTR const unsigned char 
		 -> STR_3(13), STR_2(18), 
 Auto vars:     Size  Location     Type
  vd              4   82[BANK0 ] unsigned long 
  vd              4   86[BANK0 ] unsigned long 
  _val            4  104[BANK0 ] struct .
  fval            3  101[BANK0 ] struct .
  integ           3   92[BANK0 ] struct .
  ival            3    0        struct .
  prec            2  108[BANK0 ] int 
  width           2   99[BANK0 ] int 
  exp             2   97[BANK0 ] int 
  flag            2   95[BANK0 ] unsigned short 
  ap              2   90[BANK0 ] PTR void [1]
		 -> ?_sprintf(2), 
  c               1  110[BANK0 ] char 
  d               1    0        unsigned char 
 Return value:  Size  Location     Type
                  2   60[BANK0 ] int 
 Registers used:
		wreg, fsr1l, fsr1h, fsr2l, fsr2h, status,2, status,0, tblptrl, tblptrh, tblptru, prodl, prodh, cstack
 Tracked objects:
		On entry : 
		On exit  : 
		Unchanged: 
 Data sizes:     COMRAM   BANK0   BANK1   BANK2   BANK3   BANK4   BANK5   BANK6   BANK7
      Params:         0       9       0       0       0       0       0       0       0
      Locals:         0      36       0       0       0       0       0       0       0
      Temps:          0       6       0       0       0       0       0       0       0
      Totals:         0      51       0       0       0       0       0       0       0
Total ram usage:       51 bytes
 Hardware stack levels used:    1
 Hardware stack levels required when called:    9
 This function calls:
		___asftadd
		___asftmul
		___asftsub
		___awdiv
		___ftge
		___ftmul
		___ftneg
		___fttol
		___lldiv
		___llmod
		___lltoft
		___wmul
		__div_to_l_
		__tdiv_to_l_
		_fround
		_isdigit
		_scale
 This function is called by:
		_main
 This function uses a non-reentrant model


 *************** function _scale *****************
 Defined at:
		line 425 in file "C:\Program Files (x86)\Microchip\xc8\v1.30\sources\common\doprnt.c"
 Parameters:    Size  Location     Type
  scl             1    wreg     char 
 Auto vars:     Size  Location     Type
  scl             1   44[BANK0 ] char 
 Return value:  Size  Location     Type
                  3   38[BANK0 ] char 
 Registers used:
		wreg, status,2, status,0, tblptrl, tblptrh, tblptru, prodl, prodh, cstack
 Tracked objects:
		On entry : 
		On exit  : 
		Unchanged: 
 Data sizes:     COMRAM   BANK0   BANK1   BANK2   BANK3   BANK4   BANK5   BANK6   BANK7
      Params:         0       3       0       0       0       0       0       0       0
      Locals:         0       4       0       0       0       0       0       0       0
      Temps:          0       0       0       0       0       0       0       0       0
      Totals:         0       7       0       0       0       0       0       0       0
Total ram usage:        7 bytes
 Hardware stack levels used:    1
 Hardware stack levels required when called:    7
 This function calls:
		___awdiv
		___awmod
		___ftmul
		___wmul
 This function is called by:
		_sprintf
 This function uses a non-reentrant model


 *************** function _isdigit *****************
 Defined at:
		line 8 in file "C:\Program Files (x86)\Microchip\xc8\v1.30\sources\common\isdigit.c"
 Parameters:    Size  Location     Type
  c               1    wreg     unsigned char 
 Auto vars:     Size  Location     Type
  c               1   46[COMRAM] unsigned char 
 Return value:  Size  Location     Type
		None               void
 Registers used:
		wreg, status,2, status,0
 Tracked objects:
		On entry : 
		On exit  : 
		Unchanged: 
 Data sizes:     COMRAM   BANK0   BANK1   BANK2   BANK3   BANK4   BANK5   BANK6   BANK7
      Params:         0       0       0       0       0       0       0       0       0
      Locals:         2       0       0       0       0       0       0       0       0
      Temps:          1       0       0       0       0       0       0       0       0
      Totals:         3       0       0       0       0       0       0       0       0
Total ram usage:        3 bytes
 Hardware stack levels used:    1
 Hardware stack levels required when called:    5
 This function calls:
		Nothing
 This function is called by:
		_sprintf
 This function uses a non-reentrant model


 *************** function _fround *****************
 Defined at:
		line 409 in file "C:\Program Files (x86)\Microchip\xc8\v1.30\sources\common\doprnt.c"
 Parameters:    Size  Location     Type
  prec            1    wreg     unsigned char 
 Auto vars:     Size  Location     Type
  prec            1   47[BANK0 ] unsigned char 
 Return value:  Size  Location     Type
                  3   38[BANK0 ] unsigned char 
 Registers used:
		wreg, status,2, status,0, tblptrl, tblptrh, tblptru, prodl, prodh, cstack
 Tracked objects:
		On entry : 
		On exit  : 
		Unchanged: 
 Data sizes:     COMRAM   BANK0   BANK1   BANK2   BANK3   BANK4   BANK5   BANK6   BANK7
      Params:         0       3       0       0       0       0       0       0       0
      Locals:         0       7       0       0       0       0       0       0       0
      Temps:          0       0       0       0       0       0       0       0       0
      Totals:         0      10       0       0       0       0       0       0       0
Total ram usage:       10 bytes
 Hardware stack levels used:    1
 Hardware stack levels required when called:    7
 This function calls:
		___awdiv
		___awmod
		___ftmul
		___wmul
 This function is called by:
		_sprintf
 This function uses a non-reentrant model


 *************** function ___wmul *****************
 Defined at:
		line 4 in file "C:\Program Files (x86)\Microchip\xc8\v1.30\sources\common\wmul.c"
 Parameters:    Size  Location     Type
  multiplier      2   10[BANK0 ] unsigned int 
  multiplicand    2   12[BANK0 ] unsigned int 
 Auto vars:     Size  Location     Type
  product         2   14[BANK0 ] unsigned int 
 Return value:  Size  Location     Type
                  2   10[BANK0 ] unsigned int 
 Registers used:
		wreg, status,2, status,0, prodl, prodh
 Tracked objects:
		On entry : 
		On exit  : 
		Unchanged: 
 Data sizes:     COMRAM   BANK0   BANK1   BANK2   BANK3   BANK4   BANK5   BANK6   BANK7
      Params:         0       4       0       0       0       0       0       0       0
      Locals:         0       2       0       0       0       0       0       0       0
      Temps:          0       0       0       0       0       0       0       0       0
      Totals:         0       6       0       0       0       0       0       0       0
Total ram usage:        6 bytes
 Hardware stack levels used:    1
 Hardware stack levels required when called:    5
 This function calls:
		Nothing
 This function is called by:
		_fround
		_scale
		_sprintf
 This function uses a non-reentrant model


 *************** function ___awmod *****************
 Defined at:
		line 8 in file "C:\Program Files (x86)\Microchip\xc8\v1.30\sources\common\awmod.c"
 Parameters:    Size  Location     Type
  dividend        2   44[COMRAM] int 
  divisor         2   46[COMRAM] int 
 Auto vars:     Size  Location     Type
  sign            1    1[BANK0 ] unsigned char 
  counter         1    0[BANK0 ] unsigned char 
 Return value:  Size  Location     Type
                  2   44[COMRAM] int 
 Registers used:
		wreg, status,2, status,0, prodl
 Tracked objects:
		On entry : 
		On exit  : 
		Unchanged: 
 Data sizes:     COMRAM   BANK0   BANK1   BANK2   BANK3   BANK4   BANK5   BANK6   BANK7
      Params:         4       0       0       0       0       0       0       0       0
      Locals:         0       2       0       0       0       0       0       0       0
      Temps:          1       0       0       0       0       0       0       0       0
      Totals:         5       2       0       0       0       0       0       0       0
Total ram usage:        7 bytes
 Hardware stack levels used:    1
 Hardware stack levels required when called:    5
 This function calls:
		Nothing
 This function is called by:
		_fround
		_scale
 This function uses a non-reentrant model


 *************** function ___awdiv *****************
 Defined at:
		line 8 in file "C:\Program Files (x86)\Microchip\xc8\v1.30\sources\common\awdiv.c"
 Parameters:    Size  Location     Type
  dividend        2    2[BANK0 ] int 
  divisor         2    4[BANK0 ] int 
 Auto vars:     Size  Location     Type
  quotient        2    8[BANK0 ] int 
  sign            1    7[BANK0 ] unsigned char 
  counter         1    6[BANK0 ] unsigned char 
 Return value:  Size  Location     Type
                  2    2[BANK0 ] int 
 Registers used:
		wreg, status,2, status,0, prodl
 Tracked objects:
		On entry : 
		On exit  : 
		Unchanged: 
 Data sizes:     COMRAM   BANK0   BANK1   BANK2   BANK3   BANK4   BANK5   BANK6   BANK7
      Params:         0       4       0       0       0       0       0       0       0
      Locals:         0       4       0       0       0       0       0       0       0
      Temps:          1       0       0       0       0       0       0       0       0
      Totals:         1       8       0       0       0       0       0       0       0
Total ram usage:        9 bytes
 Hardware stack levels used:    1
 Hardware stack levels required when called:    5
 This function calls:
		Nothing
 This function is called by:
		_fround
		_scale
		_sprintf
 This function uses a non-reentrant model


 *************** function __tdiv_to_l_ *****************
 Defined at:
		line 60 in file "C:\Program Files (x86)\Microchip\xc8\v1.30\sources\common\ftdivl.c"
 Parameters:    Size  Location     Type
  f1              3   44[COMRAM] float 
  f2              3   47[COMRAM] float 
 Auto vars:     Size  Location     Type
  quot            4    3[BANK0 ] unsigned long 
  exp1            1    8[BANK0 ] unsigned char 
  cntr            1    7[BANK0 ] unsigned char 
 Return value:  Size  Location     Type
                  4   44[COMRAM] unsigned long 
 Registers used:
		wreg, status,2, status,0
 Tracked objects:
		On entry : 
		On exit  : 
		Unchanged: 
 Data sizes:     COMRAM   BANK0   BANK1   BANK2   BANK3   BANK4   BANK5   BANK6   BANK7
      Params:         6       0       0       0       0       0       0       0       0
      Locals:         0       6       0       0       0       0       0       0       0
      Temps:          0       3       0       0       0       0       0       0       0
      Totals:         6       9       0       0       0       0       0       0       0
Total ram usage:       15 bytes
 Hardware stack levels used:    1
 Hardware stack levels required when called:    5
 This function calls:
		Nothing
 This function is called by:
		_sprintf
 This function uses a non-reentrant model


 *************** function __div_to_l_ *****************
 Defined at:
		line 60 in file "C:\Program Files (x86)\Microchip\xc8\v1.30\sources\common\fldivl.c"
 Parameters:    Size  Location     Type
  f1              3   44[COMRAM] unsigned long 
  f2              3   47[COMRAM] unsigned long 
 Auto vars:     Size  Location     Type
  quot            4    4[BANK0 ] unsigned long 
  exp1            1    9[BANK0 ] unsigned char 
  cntr            1    8[BANK0 ] unsigned char 
 Return value:  Size  Location     Type
                  4   44[COMRAM] unsigned long 
 Registers used:
		wreg, status,2, status,0
 Tracked objects:
		On entry : 
		On exit  : 
		Unchanged: 
 Data sizes:     COMRAM   BANK0   BANK1   BANK2   BANK3   BANK4   BANK5   BANK6   BANK7
      Params:         6       0       0       0       0       0       0       0       0
      Locals:         0       6       0       0       0       0       0       0       0
      Temps:          0       4       0       0       0       0       0       0       0
      Totals:         6      10       0       0       0       0       0       0       0
Total ram usage:       16 bytes
 Hardware stack levels used:    1
 Hardware stack levels required when called:    5
 This function calls:
		Nothing
 This function is called by:
		_sprintf
 This function uses a non-reentrant model


 *************** function ___lltoft *****************
 Defined at:
		line 35 in file "C:\Program Files (x86)\Microchip\xc8\v1.30\sources\common\lltoft.c"
 Parameters:    Size  Location     Type
  c               4    3[BANK0 ] unsigned long 
 Auto vars:     Size  Location     Type
  exp             1   49[COMRAM] unsigned char 
 Return value:  Size  Location     Type
                  3    3[BANK0 ] float 
 Registers used:
		wreg, status,2, status,0, cstack
 Tracked objects:
		On entry : 
		On exit  : 
		Unchanged: 
 Data sizes:     COMRAM   BANK0   BANK1   BANK2   BANK3   BANK4   BANK5   BANK6   BANK7
      Params:         0       4       0       0       0       0       0       0       0
      Locals:         1       0       0       0       0       0       0       0       0
      Temps:          0       4       0       0       0       0       0       0       0
      Totals:         1       8       0       0       0       0       0       0       0
Total ram usage:        9 bytes
 Hardware stack levels used:    1
 Hardware stack levels required when called:    6
 This function calls:
		___ftpack
 This function is called by:
		_sprintf
 This function uses a non-reentrant model


 *************** function ___llmod *****************
 Defined at:
		line 8 in file "C:\Program Files (x86)\Microchip\xc8\v1.30\sources\common\llmod.c"
 Parameters:    Size  Location     Type
  dividend        4    8[BANK0 ] unsigned long 
  divisor         4   12[BANK0 ] unsigned long 
 Auto vars:     Size  Location     Type
  counter         1   17[BANK0 ] unsigned char 
 Return value:  Size  Location     Type
                  4    8[BANK0 ] unsigned long 
 Registers used:
		wreg, status,2, status,0
 Tracked objects:
		On entry : 
		On exit  : 
		Unchanged: 
 Data sizes:     COMRAM   BANK0   BANK1   BANK2   BANK3   BANK4   BANK5   BANK6   BANK7
      Params:         0       8       0       0       0       0       0       0       0
      Locals:         0       1       0       0       0       0       0       0       0
      Temps:          0       1       0       0       0       0       0       0       0
      Totals:         0      10       0       0       0       0       0       0       0
Total ram usage:       10 bytes
 Hardware stack levels used:    1
 Hardware stack levels required when called:    5
 This function calls:
		Nothing
 This function is called by:
		_sprintf
 This function uses a non-reentrant model


 *************** function ___lldiv *****************
 Defined at:
		line 8 in file "C:\Program Files (x86)\Microchip\xc8\v1.30\sources\common\lldiv.c"
 Parameters:    Size  Location     Type
  dividend        4    0[BANK0 ] unsigned long 
  divisor         4    4[BANK0 ] unsigned long 
 Auto vars:     Size  Location     Type
  quotient        4   45[COMRAM] unsigned long 
  counter         1   49[COMRAM] unsigned char 
 Return value:  Size  Location     Type
                  4    0[BANK0 ] unsigned long 
 Registers used:
		wreg, status,2, status,0
 Tracked objects:
		On entry : 
		On exit  : 
		Unchanged: 
 Data sizes:     COMRAM   BANK0   BANK1   BANK2   BANK3   BANK4   BANK5   BANK6   BANK7
      Params:         0       8       0       0       0       0       0       0       0
      Locals:         5       0       0       0       0       0       0       0       0
      Temps:          1       0       0       0       0       0       0       0       0
      Totals:         6       8       0       0       0       0       0       0       0
Total ram usage:       14 bytes
 Hardware stack levels used:    1
 Hardware stack levels required when called:    5
 This function calls:
		Nothing
 This function is called by:
		_sprintf
 This function uses a non-reentrant model


 *************** function ___fttol *****************
 Defined at:
		line 44 in file "C:\Program Files (x86)\Microchip\xc8\v1.30\sources\common\fttol.c"
 Parameters:    Size  Location     Type
  f1              3   45[BANK0 ] float 
 Auto vars:     Size  Location     Type
  lval            4   55[BANK0 ] unsigned long 
  exp1            1   59[BANK0 ] unsigned char 
  sign1           1   54[BANK0 ] unsigned char 
 Return value:  Size  Location     Type
                  4   45[BANK0 ] long 
 Registers used:
		wreg, status,2, status,0
 Tracked objects:
		On entry : 
		On exit  : 
		Unchanged: 
 Data sizes:     COMRAM   BANK0   BANK1   BANK2   BANK3   BANK4   BANK5   BANK6   BANK7
      Params:         0       4       0       0       0       0       0       0       0
      Locals:         0       6       0       0       0       0       0       0       0
      Temps:          0       5       0       0       0       0       0       0       0
      Totals:         0      15       0       0       0       0       0       0       0
Total ram usage:       15 bytes
 Hardware stack levels used:    1
 Hardware stack levels required when called:    5
 This function calls:
		Nothing
 This function is called by:
		_sprintf
 This function uses a non-reentrant model


 *************** function ___ftneg *****************
 Defined at:
		line 15 in file "C:\Program Files (x86)\Microchip\xc8\v1.30\sources\common\ftneg.c"
 Parameters:    Size  Location     Type
  f1              3   44[COMRAM] float 
 Auto vars:     Size  Location     Type
		None
 Return value:  Size  Location     Type
                  3   44[COMRAM] float 
 Registers used:
		wreg, status,2, status,0
 Tracked objects:
		On entry : 
		On exit  : 
		Unchanged: 
 Data sizes:     COMRAM   BANK0   BANK1   BANK2   BANK3   BANK4   BANK5   BANK6   BANK7
      Params:         3       0       0       0       0       0       0       0       0
      Locals:         0       0       0       0       0       0       0       0       0
      Temps:          0       0       0       0       0       0       0       0       0
      Totals:         3       0       0       0       0       0       0       0       0
Total ram usage:        3 bytes
 Hardware stack levels used:    1
 Hardware stack levels required when called:    5
 This function calls:
		Nothing
 This function is called by:
		_sprintf
 This function uses a non-reentrant model


 *************** function ___ftge *****************
 Defined at:
		line 4 in file "C:\Program Files (x86)\Microchip\xc8\v1.30\sources\common\ftge.c"
 Parameters:    Size  Location     Type
  ff1             3   44[COMRAM] float 
  ff2             3   47[COMRAM] float 
 Auto vars:     Size  Location     Type
		None
 Return value:  Size  Location     Type
		None               void
 Registers used:
		wreg, status,2, status,0
 Tracked objects:
		On entry : 
		On exit  : 
		Unchanged: 
 Data sizes:     COMRAM   BANK0   BANK1   BANK2   BANK3   BANK4   BANK5   BANK6   BANK7
      Params:         6       0       0       0       0       0       0       0       0
      Locals:         0       0       0       0       0       0       0       0       0
      Temps:          0       3       0       0       0       0       0       0       0
      Totals:         6       3       0       0       0       0       0       0       0
Total ram usage:        9 bytes
 Hardware stack levels used:    1
 Hardware stack levels required when called:    5
 This function calls:
		Nothing
 This function is called by:
		_sprintf
 This function uses a non-reentrant model


 *************** function ___asftsub *****************
 Defined at:
		line 4 in file "C:\Program Files (x86)\Microchip\xc8\v1.30\sources\pic18\asftsub.c"
 Parameters:    Size  Location     Type
  f1p             2   21[BANK0 ] PTR float 
		 -> sprintf@fval(3), 
  f2              3   23[BANK0 ] float 
 Auto vars:     Size  Location     Type
		None
 Return value:  Size  Location     Type
                  3   21[BANK0 ] float 
 Registers used:
		wreg, fsr2l, fsr2h, status,2, status,0, cstack
 Tracked objects:
		On entry : 
		On exit  : 
		Unchanged: 
 Data sizes:     COMRAM   BANK0   BANK1   BANK2   BANK3   BANK4   BANK5   BANK6   BANK7
      Params:         0       5       0       0       0       0       0       0       0
      Locals:         0       0       0       0       0       0       0       0       0
      Temps:          0       0       0       0       0       0       0       0       0
      Totals:         0       5       0       0       0       0       0       0       0
Total ram usage:        5 bytes
 Hardware stack levels used:    1
 Hardware stack levels required when called:    8
 This function calls:
		___ftsub
 This function is called by:
		_sprintf
 This function uses a non-reentrant model


 *************** function ___ftsub *****************
 Defined at:
		line 20 in file "C:\Program Files (x86)\Microchip\xc8\v1.30\sources\common\ftsub.c"
 Parameters:    Size  Location     Type
  f1              3   15[BANK0 ] float 
  f2              3   18[BANK0 ] float 
 Auto vars:     Size  Location     Type
		None
 Return value:  Size  Location     Type
                  3   15[BANK0 ] float 
 Registers used:
		wreg, status,2, status,0, cstack
 Tracked objects:
		On entry : 
		On exit  : 
		Unchanged: 
 Data sizes:     COMRAM   BANK0   BANK1   BANK2   BANK3   BANK4   BANK5   BANK6   BANK7
      Params:         0       6       0       0       0       0       0       0       0
      Locals:         0       0       0       0       0       0       0       0       0
      Temps:          0       0       0       0       0       0       0       0       0
      Totals:         0       6       0       0       0       0       0       0       0
Total ram usage:        6 bytes
 Hardware stack levels used:    1
 Hardware stack levels required when called:    7
 This function calls:
		___ftadd
 This function is called by:
		___asftsub
 This function uses a non-reentrant model


 *************** function ___asftmul *****************
 Defined at:
		line 4 in file "C:\Program Files (x86)\Microchip\xc8\v1.30\sources\pic18\asftmul.c"
 Parameters:    Size  Location     Type
  f1p             2   38[BANK0 ] PTR float 
		 -> sprintf@integ(3), 
  f2              3   40[BANK0 ] float 
 Auto vars:     Size  Location     Type
		None
 Return value:  Size  Location     Type
                  3   38[BANK0 ] float 
 Registers used:
		wreg, fsr2l, fsr2h, status,2, status,0, cstack
 Tracked objects:
		On entry : 
		On exit  : 
		Unchanged: 
 Data sizes:     COMRAM   BANK0   BANK1   BANK2   BANK3   BANK4   BANK5   BANK6   BANK7
      Params:         0       5       0       0       0       0       0       0       0
      Locals:         0       0       0       0       0       0       0       0       0
      Temps:          0       0       0       0       0       0       0       0       0
      Totals:         0       5       0       0       0       0       0       0       0
Total ram usage:        5 bytes
 Hardware stack levels used:    1
 Hardware stack levels required when called:    7
 This function calls:
		___ftmul
 This function is called by:
		_sprintf
 This function uses a non-reentrant model


 *************** function ___asftadd *****************
 Defined at:
		line 4 in file "C:\Program Files (x86)\Microchip\xc8\v1.30\sources\pic18\asftadd.c"
 Parameters:    Size  Location     Type
  f1p             2   48[BANK0 ] PTR float 
		 -> sprintf@fval(3), 
  f2              3   50[BANK0 ] float 
 Auto vars:     Size  Location     Type
		None
 Return value:  Size  Location     Type
                  3   48[BANK0 ] float 
 Registers used:
		wreg, fsr2l, fsr2h, status,2, status,0, cstack
 Tracked objects:
		On entry : 
		On exit  : 
		Unchanged: 
 Data sizes:     COMRAM   BANK0   BANK1   BANK2   BANK3   BANK4   BANK5   BANK6   BANK7
      Params:         0       5       0       0       0       0       0       0       0
      Locals:         0       0       0       0       0       0       0       0       0
      Temps:          0       0       0       0       0       0       0       0       0
      Totals:         0       5       0       0       0       0       0       0       0
Total ram usage:        5 bytes
 Hardware stack levels used:    1
 Hardware stack levels required when called:    7
 This function calls:
		___ftadd
 This function is called by:
		_sprintf
 This function uses a non-reentrant model


 *************** function ___ftadd *****************
 Defined at:
		line 86 in file "C:\Program Files (x86)\Microchip\xc8\v1.30\sources\common\ftadd.c"
 Parameters:    Size  Location     Type
  f1              3    3[BANK0 ] float 
  f2              3    6[BANK0 ] float 
 Auto vars:     Size  Location     Type
  exp1            1   14[BANK0 ] unsigned char 
  exp2            1   13[BANK0 ] unsigned char 
  sign            1   12[BANK0 ] unsigned char 
 Return value:  Size  Location     Type
                  3    3[BANK0 ] float 
 Registers used:
		wreg, status,2, status,0, cstack
 Tracked objects:
		On entry : 
		On exit  : 
		Unchanged: 
 Data sizes:     COMRAM   BANK0   BANK1   BANK2   BANK3   BANK4   BANK5   BANK6   BANK7
      Params:         0       6       0       0       0       0       0       0       0
      Locals:         0       3       0       0       0       0       0       0       0
      Temps:          0       3       0       0       0       0       0       0       0
      Totals:         0      12       0       0       0       0       0       0       0
Total ram usage:       12 bytes
 Hardware stack levels used:    1
 Hardware stack levels required when called:    6
 This function calls:
		___ftpack
 This function is called by:
		___asftadd
		___ftsub
 This function uses a non-reentrant model


 *************** function _memset *****************
 Defined at:
		line 8 in file "C:\Program Files (x86)\Microchip\xc8\v1.30\sources\common\memset.c"
 Parameters:    Size  Location     Type
  p1              2   44[COMRAM] PTR void 
		 -> main@buffer(16), 
  c               2   46[COMRAM] int 
  n               2   48[COMRAM] unsigned int 
 Auto vars:     Size  Location     Type
  p               2    0[BANK0 ] PTR unsigned char 
		 -> main@buffer(16), 
 Return value:  Size  Location     Type
                  2   44[COMRAM] PTR void 
 Registers used:
[...]
      Totals:         0       0       0       0       0       0       0       0       0
Total ram usage:        0 bytes
 Hardware stack levels used:    1
 Hardware stack levels required when called:    5
 This function calls:
		Nothing
 This function is called by:
		_main
 This function uses a non-reentrant model


 *************** function _ConfigureOscillator *****************
 Defined at:
		line 6 in file "system.c"
 Parameters:    Size  Location     Type
		None
 Auto vars:     Size  Location     Type
		None
 Return value:  Size  Location     Type
		None               void
 Registers used:
		None
 Tracked objects:
		On entry : 
		On exit  : 
		Unchanged: 
 Data sizes:     COMRAM   BANK0   BANK1   BANK2   BANK3   BANK4   BANK5   BANK6   BANK7
      Params:         0       0       0       0       0       0       0       0       0
      Locals:         0       0       0       0       0       0       0       0       0
      Temps:          0       0       0       0       0       0       0       0       0
      Totals:         0       0       0       0       0       0       0       0       0
Total ram usage:        0 bytes
 Hardware stack levels used:    1
 Hardware stack levels required when called:    5
 This function calls:
		Nothing
 This function is called by:
		_main
 This function uses a non-reentrant model


 *************** function _BusyADC *****************
 Defined at:
		line 26 in file "plib/adcbusy.c"
 Parameters:    Size  Location     Type
		None
 Auto vars:     Size  Location     Type
		None
 Return value:  Size  Location     Type
                  1    wreg      unsigned char 
 Registers used:
		wreg
 Tracked objects:
		On entry : 
		On exit  : 
		Unchanged: 
 Data sizes:     COMRAM   BANK0   BANK1   BANK2   BANK3   BANK4   BANK5   BANK6   BANK7
      Params:         0       0       0       0       0       0       0       0       0
      Locals:         0       0       0       0       0       0       0       0       0
      Temps:          0       0       0       0       0       0       0       0       0
      Totals:         0       0       0       0       0       0       0       0       0
Total ram usage:        0 bytes
 Hardware stack levels used:    1
 Hardware stack levels required when called:    5
 This function calls:
		Nothing
 This function is called by:
		_main
 This function uses a non-reentrant model


 *************** function ___ftpack *****************
 Defined at:
		line 62 in file "C:\Program Files (x86)\Microchip\xc8\v1.30\sources\common\float.c"
 Parameters:    Size  Location     Type
  arg             3   44[COMRAM] unsigned um
  exp             1   47[COMRAM] unsigned char 
  sign            1   48[COMRAM] unsigned char 
 Auto vars:     Size  Location     Type
		None
 Return value:  Size  Location     Type
                  3   44[COMRAM] float 
 Registers used:
		wreg, status,2, status,0
 Tracked objects:
		On entry : 
		On exit  : 
		Unchanged: 
 Data sizes:     COMRAM   BANK0   BANK1   BANK2   BANK3   BANK4   BANK5   BANK6   BANK7
      Params:         5       0       0       0       0       0       0       0       0
      Locals:         0       0       0       0       0       0       0       0       0
      Temps:          0       3       0       0       0       0       0       0       0
      Totals:         5       3       0       0       0       0       0       0       0
Total ram usage:        8 bytes
 Hardware stack levels used:    1
 Hardware stack levels required when called:    5
 This function calls:
		Nothing
 This function is called by:
		___ftadd
		___ftdiv
		___ftmul
		___lltoft
		___lwtoft
 This function uses a non-reentrant model


 *************** function ___ftmul *****************
 Defined at:
		line 51 in file "C:\Program Files (x86)\Microchip\xc8\v1.30\sources\common\ftmul.c"
 Parameters:    Size  Location     Type
  f1              3   23[BANK0 ] float 
  f2              3   26[BANK0 ] float 
 Auto vars:     Size  Location     Type
  f3_as_produc    3   33[BANK0 ] unsigned um
  sign            1   37[BANK0 ] unsigned char 
  cntr            1   36[BANK0 ] unsigned char 
  exp             1   32[BANK0 ] unsigned char 
 Return value:  Size  Location     Type
                  3   23[BANK0 ] float 
 Registers used:
		wreg, status,2, status,0, cstack
 Tracked objects:
		On entry : 
		On exit  : 
		Unchanged: 
 Data sizes:     COMRAM   BANK0   BANK1   BANK2   BANK3   BANK4   BANK5   BANK6   BANK7
      Params:         0       6       0       0       0       0       0       0       0
      Locals:         0       6       0       0       0       0       0       0       0
      Temps:          0       3       0       0       0       0       0       0       0
      Totals:         0      15       0       0       0       0       0       0       0
Total ram usage:       15 bytes
 Hardware stack levels used:    1
 Hardware stack levels required when called:    6
 This function calls:
		___ftpack
 This function is called by:
		_main
		_fround
		_scale
		_sprintf
		___asftmul
 This function uses a non-reentrant model


 *************** function _low_isr *****************
 Defined at:
		line 17 in file "interrupts.c"
 Parameters:    Size  Location     Type
		None
 Auto vars:     Size  Location     Type
		None
 Return value:  Size  Location     Type
		None               void
 Registers used:
		None
 Tracked objects:
		On entry : 
		On exit  : 
		Unchanged: 
 Data sizes:     COMRAM   BANK0   BANK1   BANK2   BANK3   BANK4   BANK5   BANK6   BANK7
      Params:         0       0       0       0       0       0       0       0       0
      Locals:         0       0       0       0       0       0       0       0       0
      Temps:         17       0       0       0       0       0       0       0       0
      Totals:        17       0       0       0       0       0       0       0       0
Total ram usage:       17 bytes
 Hardware stack levels used:    1
 Hardware stack levels required when called:    4
 This function calls:
		Nothing
 This function is called by:
		Interrupt level 1
 This function uses a non-reentrant model


 *************** function _high_isr *****************
 Defined at:
		line 8 in file "interrupts.c"
 Parameters:    Size  Location     Type
		None
 Auto vars:     Size  Location     Type
		None
 Return value:  Size  Location     Type
		None               void
 Registers used:
		wreg, fsr0l, fsr0h, status,2, status,0, tblptrl, tblptrh, tblptru, cstack
 Tracked objects:
		On entry : 
		On exit  : 
		Unchanged: 
 Data sizes:     COMRAM   BANK0   BANK1   BANK2   BANK3   BANK4   BANK5   BANK6   BANK7
      Params:         0       0       0       0       0       0       0       0       0
      Locals:         0       0       0       0       0       0       0       0       0
      Temps:         15       0       0       0       0       0       0       0       0
      Totals:        15       0       0       0       0       0       0       0       0
Total ram usage:       15 bytes
 Hardware stack levels used:    1
 Hardware stack levels required when called:    3
 This function calls:
		i2_lcd_clear
		i2_lcd_write_buffer
 This function is called by:
		Interrupt level 2
 This function uses a non-reentrant model


 *************** function i2_lcd_write_buffer *****************
 Defined at:
		line 54 in file "lcd.c"
 Parameters:    Size  Location     Type
  buffer          2   19[COMRAM] PTR const unsigned char 
		 -> main@buffer(16), STR_1(15), 
  size            1   21[COMRAM] unsigned char 
 Auto vars:     Size  Location     Type
  lcd_write_bu    2   27[COMRAM] int 
  lcd_write_bu    2   25[COMRAM] int 
 Return value:  Size  Location     Type
		None               void
 Registers used:
		wreg, fsr0l, fsr0h, status,2, status,0, tblptrl, tblptrh, tblptru, cstack
 Tracked objects:
		On entry : 
		On exit  : 
		Unchanged: 
 Data sizes:     COMRAM   BANK0   BANK1   BANK2   BANK3   BANK4   BANK5   BANK6   BANK7
      Params:         3       0       0       0       0       0       0       0       0
      Locals:         4       0       0       0       0       0       0       0       0
      Temps:          3       0       0       0       0       0       0       0       0
      Totals:        10       0       0       0       0       0       0       0       0
Total ram usage:       10 bytes
 Hardware stack levels used:    1
 Hardware stack levels required when called:    2
 This function calls:
		i2_lcd_write
 This function is called by:
		_high_isr
 This function uses a non-reentrant model


 *************** function i2_lcd_write *****************
 Defined at:
		line 36 in file "lcd.c"
 Parameters:    Size  Location     Type
  x               1    wreg     unsigned char 
 Auto vars:     Size  Location     Type
  x               1   18[COMRAM] unsigned char 
 Return value:  Size  Location     Type
		None               void
 Registers used:
		wreg, cstack
 Tracked objects:
		On entry : 
		On exit  : 
		Unchanged: 
 Data sizes:     COMRAM   BANK0   BANK1   BANK2   BANK3   BANK4   BANK5   BANK6   BANK7
      Params:         0       0       0       0       0       0       0       0       0
      Locals:         1       0       0       0       0       0       0       0       0
      Temps:          0       0       0       0       0       0       0       0       0
      Totals:         1       0       0       0       0       0       0       0       0
Total ram usage:        1 bytes
 Hardware stack levels used:    1
 Hardware stack levels required when called:    1
 This function calls:
		i2_lcd_delay
 This function is called by:
		i2_lcd_write_buffer
 This function uses a non-reentrant model


 *************** function i2_lcd_clear *****************
 Defined at:
		line 89 in file "lcd.c"
 Parameters:    Size  Location     Type
		None
 Auto vars:     Size  Location     Type
		None
 Return value:  Size  Location     Type
		None               void
 Registers used:
		wreg, cstack
 Tracked objects:
		On entry : 
		On exit  : 
		Unchanged: 
 Data sizes:     COMRAM   BANK0   BANK1   BANK2   BANK3   BANK4   BANK5   BANK6   BANK7
      Params:         0       0       0       0       0       0       0       0       0
      Locals:         0       0       0       0       0       0       0       0       0
      Temps:          0       0       0       0       0       0       0       0       0
      Totals:         0       0       0       0       0       0       0       0       0
Total ram usage:        0 bytes
 Hardware stack levels used:    1
 Hardware stack levels required when called:    2
 This function calls:
		i2_lcd_write_cmd
 This function is called by:
		_high_isr
 This function uses a non-reentrant model


 *************** function i2_lcd_write_cmd *****************
 Defined at:
		line 45 in file "lcd.c"
 Parameters:    Size  Location     Type
  x               1    wreg     unsigned char 
 Auto vars:     Size  Location     Type
  x               1   18[COMRAM] unsigned char 
 Return value:  Size  Location     Type
		None               void
 Registers used:
		wreg, cstack
 Tracked objects:
		On entry : 
		On exit  : 
		Unchanged: 
 Data sizes:     COMRAM   BANK0   BANK1   BANK2   BANK3   BANK4   BANK5   BANK6   BANK7
      Params:         0       0       0       0       0       0       0       0       0
      Locals:         1       0       0       0       0       0       0       0       0
      Temps:          0       0       0       0       0       0       0       0       0
      Totals:         1       0       0       0       0       0       0       0       0
Total ram usage:        1 bytes
 Hardware stack levels used:    1
 Hardware stack levels required when called:    1
 This function calls:
		i2_lcd_delay
 This function is called by:
		i2_lcd_clear
 This function uses a non-reentrant model


 *************** function i2_lcd_delay *****************
 Defined at:
		line 85 in file "lcd.c"
 Parameters:    Size  Location     Type
		None
 Auto vars:     Size  Location     Type
		None
 Return value:  Size  Location     Type
		None               void
 Registers used:
		wreg
 Tracked objects:
		On entry : 
		On exit  : 
		Unchanged: 
 Data sizes:     COMRAM   BANK0   BANK1   BANK2   BANK3   BANK4   BANK5   BANK6   BANK7
      Params:         0       0       0       0       0       0       0       0       0
      Locals:         0       0       0       0       0       0       0       0       0
      Temps:          1       0       0       0       0       0       0       0       0
      Totals:         1       0       0       0       0       0       0       0       0
Total ram usage:        1 bytes
 Hardware stack levels used:    1
 This function calls:
		Nothing
 This function is called by:
		i2_lcd_write
		i2_lcd_write_cmd
 This function uses a non-reentrant model



MODULE INFORMATION

Module		Function		Class		Link	Load	Size
C:\Program Files (x86)\Microchip\xc8\v1.30\sources\common\ftadd.c
		___ftadd       		CODE           	2048	0000	812

C:\Program Files (x86)\Microchip\xc8\v1.30\sources\common\ftadd.c estimated size: 812

plib/uopen.c
		_OpenUSART     		CODE           	3706	0000	106

plib/uopen.c estimated size: 106

plib/adcsetch.c
		_SetChanADC    		CODE           	3AAE	0000	24

plib/adcsetch.c estimated size: 24

C:\Program Files (x86)\Microchip\xc8\v1.30\sources\common\memset.c
		_memset        		CODE           	3A2A	0000	52

C:\Program Files (x86)\Microchip\xc8\v1.30\sources\common\memset.c estimated size: 52

C:\Program Files (x86)\Microchip\xc8\v1.30\sources\common\float.c
		___ftpack      		CODE           	316E	0000	184

C:\Program Files (x86)\Microchip\xc8\v1.30\sources\common\float.c estimated size: 184

C:\Program Files (x86)\Microchip\xc8\v1.30\sources\pic18\asftadd.c
		___asftadd     		CODE           	393C	0000	66

C:\Program Files (x86)\Microchip\xc8\v1.30\sources\pic18\asftadd.c estimated size: 66

plib/uwrite.c
		_WriteUSART    		CODE           	3B1E	0000	20

plib/uwrite.c estimated size: 20

C:\Program Files (x86)\Microchip\xc8\v1.30\sources\common\ftge.c
		___ftge        		CODE           	3432	0000	160

C:\Program Files (x86)\Microchip\xc8\v1.30\sources\common\ftge.c estimated size: 160

C:\Program Files (x86)\Microchip\xc8\v1.30\sources\common\wmul.c
		___wmul        		CODE           	3770	0000	98

C:\Program Files (x86)\Microchip\xc8\v1.30\sources\common\wmul.c estimated size: 98

plib/adcopen.c
		_OpenADC       		CODE           	37D2	0000	96

plib/adcopen.c estimated size: 96

shared
		__stringdata   		SMALLCONST     	0887	0000	46
		i2_lcd_write_cm		CODE           	3B08	0000	22
		__powers_      		SMALLCONST     	0850	0000	39
		lcd_test@F5277 		SMALLCONST     	0877	0000	16
		i2_lcd_write_bu		CODE           	3686	0000	128
		_dpowers       		SMALLCONST     	0801	0000	40
		__npowers_     		SMALLCONST     	0829	0000	39
		__initializatio		CODE           	3B60	0000	2
		i2_lcd_delay   		CODE           	3B42	0000	16
		i2_lcd_write   		CODE           	3AF2	0000	22
		i2_lcd_clear   		CODE           	3B92	0000	8

shared estimated size: 378

C:\Program Files (x86)\Microchip\xc8\v1.30\sources\common\llmod.c
		___llmod       		CODE           	3098	0000	214

C:\Program Files (x86)\Microchip\xc8\v1.30\sources\common\llmod.c estimated size: 214

C:\Program Files (x86)\Microchip\xc8\v1.30\sources\common\doprnt.c
		_scale         		CODE           	172A	0000	1386
		_sprintf       		CODE           	08B6	0000	3700
		_fround        		CODE           	2374	0000	798

C:\Program Files (x86)\Microchip\xc8\v1.30\sources\common\doprnt.c estimated size: 5884

plib/adcbusy.c
		_BusyADC       		CODE           	3B6C	0000	12

plib/adcbusy.c estimated size: 12

C:\Program Files (x86)\Microchip\xc8\v1.30\sources\common\ftdiv.c
		___ftdiv       		CODE           	2A00	0000	410

C:\Program Files (x86)\Microchip\xc8\v1.30\sources\common\ftdiv.c estimated size: 410

main.c
		_main          		CODE           	1C94	0000	948

main.c estimated size: 948

C:\Program Files (x86)\Microchip\xc8\v1.30\sources\common\lldiv.c
		___lldiv       		CODE           	2FB6	0000	226

C:\Program Files (x86)\Microchip\xc8\v1.30\sources\common\lldiv.c estimated size: 226

system.c
		_ConfigureOscil		CODE           	3B9E	0000	2

system.c estimated size: 2

interrupts.c
		_high_isr      		CODE           	0008	0000	13670
		_low_isr       		CODE           	0018	0000	138

interrupts.c estimated size: 13808

C:\Program Files (x86)\Microchip\xc8\v1.30\sources\common\ftsub.c
		___ftsub       		CODE           	38B8	0000	66

C:\Program Files (x86)\Microchip\xc8\v1.30\sources\common\ftsub.c estimated size: 66

C:\Program Files (x86)\Microchip\xc8\v1.30\sources\common\ftneg.c
		___ftneg       		CODE           	3A88	0000	38

C:\Program Files (x86)\Microchip\xc8\v1.30\sources\common\ftneg.c estimated size: 38

C:\Program Files (x86)\Microchip\xc8\v1.30\sources\common\isdigit.c
		_isdigit       		CODE           	3A5E	0000	42

C:\Program Files (x86)\Microchip\xc8\v1.30\sources\common\isdigit.c estimated size: 42

plib/adcconv.c
		_ConvertADC    		CODE           	3B9A	0000	4

plib/adcconv.c estimated size: 4

C:\Program Files (x86)\Microchip\xc8\v1.30\sources\common\fldivl.c
		__div_to_l_    		CODE           	2852	0000	430

C:\Program Files (x86)\Microchip\xc8\v1.30\sources\common\fldivl.c estimated size: 430

C:\Program Files (x86)\Microchip\xc8\v1.30\sources\common\ftmul.c
		___ftmul       		CODE           	2692	0000	448

C:\Program Files (x86)\Microchip\xc8\v1.30\sources\common\ftmul.c estimated size: 448

C:\Program Files (x86)\Microchip\xc8\v1.30\sources\common\fttol.c
		___fttol       		CODE           	2D1A	0000	370

C:\Program Files (x86)\Microchip\xc8\v1.30\sources\common\fttol.c estimated size: 370

C:\Program Files (x86)\Microchip\xc8\v1.30\sources\common\strlen.c
		_strlen        		CODE           	397E	0000	58

C:\Program Files (x86)\Microchip\xc8\v1.30\sources\common\strlen.c estimated size: 58

C:\Program Files (x86)\Microchip\xc8\v1.30\sources\common\ftdivl.c
		__tdiv_to_l_   		CODE           	2B9A	0000	384

C:\Program Files (x86)\Microchip\xc8\v1.30\sources\common\ftdivl.c estimated size: 384

C:\Program Files (x86)\Microchip\xc8\v1.30\sources\pic18\asftsub.c
		___asftsub     		CODE           	3876	0000	66

C:\Program Files (x86)\Microchip\xc8\v1.30\sources\pic18\asftsub.c estimated size: 66

C:\Program Files (x86)\Microchip\xc8\v1.30\sources\common\lltoft.c
		___lltoft      		CODE           	356E	0000	144

C:\Program Files (x86)\Microchip\xc8\v1.30\sources\common\lltoft.c estimated size: 144

C:\Program Files (x86)\Microchip\xc8\v1.30\sources\pic18\asftmul.c
		___asftmul     		CODE           	38FA	0000	66

C:\Program Files (x86)\Microchip\xc8\v1.30\sources\pic18\asftmul.c estimated size: 66

user.c
		_InitApp       		CODE           	35FE	0000	136

user.c estimated size: 136

C:\Program Files (x86)\Microchip\xc8\v1.30\sources\common\awmod.c
		___awmod       		CODE           	32DC	0000	180

C:\Program Files (x86)\Microchip\xc8\v1.30\sources\common\awmod.c estimated size: 180

C:\Program Files (x86)\Microchip\xc8\v1.30\sources\common\lwtoft.c
		___lwtoft      		CODE           	39F2	0000	56

C:\Program Files (x86)\Microchip\xc8\v1.30\sources\common\lwtoft.c estimated size: 56

plib/adcread.c
		_ReadADC       		CODE           	3B78	0000	10

plib/adcread.c estimated size: 10

C:\Program Files (x86)\Microchip\xc8\v1.30\sources\common\awdiv.c
		___awdiv       		CODE           	2E8C	0000	298

C:\Program Files (x86)\Microchip\xc8\v1.30\sources\common\awdiv.c estimated size: 298

lcd.c
		_lcd_delay     		CODE           	3B32	0000	16
		_lcd_pos       		CODE           	39B8	0000	58
		_lcd_clear     		CODE           	3B8A	0000	8
		_lcd_test      		CODE           	3390	0000	162
		_lcd_write     		CODE           	3AC6	0000	22
		_lcd_enable    		CODE           	3B52	0000	14
		_lcd_cursor_off		CODE           	3B82	0000	8
		_lcd_write_cmd 		CODE           	3ADC	0000	22
		_lcd_write_buff		CODE           	3226	0000	182
		_lcd_init      		CODE           	3832	0000	68

lcd.c estimated size: 560

